\BOOKMARK [1][-]{section.1}{\376\377\000O\000b\000j\000e\000t\000i\000v\000o\000s}{}% 1
\BOOKMARK [1][-]{section.2}{\376\377\000C\000o\000n\000s\000u\000l\000t\000a\000\040\000p\000r\000e\000v\000i\000a}{}% 2
\BOOKMARK [1][-]{section.3}{\376\377\000F\000u\000n\000d\000a\000m\000e\000n\000t\000o\000\040\000t\000e\000\363\000r\000i\000c\000o}{}% 3
\BOOKMARK [2][-]{subsection.3.1}{\376\377\000P\000r\000o\000g\000r\000a\000m\000a\000c\000i\000\363\000n\000\040\000d\000e\000\040\000s\000u\000c\000e\000s\000o\000s}{section.3}% 4
\BOOKMARK [2][-]{subsection.3.2}{\376\377\000M\000e\000d\000i\000d\000a\000s\000\040\000d\000e\000\040\000d\000e\000s\000e\000m\000p\000e\000\361\000o}{section.3}% 5
\BOOKMARK [2][-]{subsection.3.3}{\376\377\000A\000p\000r\000o\000x\000i\000m\000a\000c\000i\000\363\000n\000\040\000d\000e\000\040\000f\000l\000u\000j\000o\000\040\000p\000a\000r\000a\000\040\000s\000i\000s\000t\000e\000m\000a\000s\000\040\000s\000a\000t\000u\000r\000a\000d\000o\000s}{section.3}% 6
\BOOKMARK [2][-]{subsection.3.4}{\376\377\000I\000n\000t\000e\000r\000v\000a\000l\000o\000s\000\040\000d\000e\000\040\000c\000o\000n\000f\000i\000a\000n\000z\000a\000\040\000p\000o\000r\000\040\000r\000\351\000p\000l\000i\000c\000a\000s\000\040\000i\000n\000d\000e\000p\000e\000n\000d\000i\000e\000n\000t\000e\000s}{section.3}% 7
\BOOKMARK [1][-]{section.4}{\376\377\000E\000q\000u\000i\000p\000o\000s\000,\000\040\000m\000a\000t\000e\000r\000i\000a\000l\000e\000s\000\040\000y\000\040\000h\000e\000r\000r\000a\000m\000i\000e\000n\000t\000a\000s}{}% 8
\BOOKMARK [1][-]{section.5}{\376\377\000P\000r\000o\000c\000e\000d\000i\000m\000i\000e\000n\000t\000o\000\040\000o\000\040\000m\000e\000t\000o\000d\000o\000l\000o\000g\000\355\000a}{}% 9
\BOOKMARK [2][-]{subsection.5.1}{\376\377\000S\000i\000s\000t\000e\000m\000a\000\040\000d\000e\000\040\000l\000\355\000n\000e\000a\000\040\000d\000e\000\040\000e\000s\000p\000e\000r\000a\000\040\000c\000o\000n\000\040\000u\000n\000\040\000s\000e\000r\000v\000i\000d\000o\000r}{section.5}% 10
\BOOKMARK [2][-]{subsection.5.2}{\376\377\000R\000e\000d\000\040\000d\000e\000\040\000c\000o\000l\000a\000s}{section.5}% 11
\BOOKMARK [2][-]{subsection.5.3}{\376\377\000I\000n\000v\000e\000n\000t\000a\000r\000i\000o\000\040\000p\000r\000o\000b\000a\000b\000i\000l\000\355\000s\000t\000i\000c\000o}{section.5}% 12
\BOOKMARK [2][-]{subsection.5.4}{\376\377\000S\000i\000m\000u\000l\000a\000c\000i\000\363\000n\000\040\000d\000e\000\040\000e\000v\000e\000n\000t\000o\000s\000\040\000d\000i\000s\000c\000r\000e\000t\000o\000s\000\040\000e\000n\000\040\000S\000i\000m\000P\000y}{section.5}% 13
\BOOKMARK [2][-]{subsection.5.5}{\376\377\000S\000i\000m\000u\000l\000a\000c\000i\000\363\000n\000\040\000d\000e\000\040\000e\000v\000e\000n\000t\000o\000s\000\040\000d\000i\000s\000c\000r\000e\000t\000o\000s\000\040\000e\000n\000\040\000A\000n\000y\000L\000o\000g\000i\000c}{section.5}% 14
\BOOKMARK [1][-]{section.6}{\376\377\000R\000e\000s\000u\000l\000t\000a\000d\000o\000s\000\040\000y\000\040\000a\000n\000\341\000l\000i\000s\000i\000s}{}% 15
\BOOKMARK [2][-]{subsection.6.1}{\376\377\000S\000i\000s\000t\000e\000m\000a\000\040\000d\000e\000\040\000l\000\355\000n\000e\000a\000\040\000d\000e\000\040\000e\000s\000p\000e\000r\000a\000\040\000c\000o\000n\000\040\000u\000n\000\040\000s\000e\000r\000v\000i\000d\000o\000r}{section.6}% 16
\BOOKMARK [2][-]{subsection.6.2}{\376\377\000R\000e\000d\000\040\000d\000e\000\040\000c\000o\000l\000a\000s}{section.6}% 17
\BOOKMARK [2][-]{subsection.6.3}{\376\377\000I\000n\000v\000e\000n\000t\000a\000r\000i\000o\000\040\000p\000r\000o\000b\000a\000b\000i\000l\000\355\000s\000t\000i\000c\000o}{section.6}% 18
\BOOKMARK [2][-]{subsection.6.4}{\376\377\000S\000i\000m\000P\000y}{section.6}% 19
\BOOKMARK [2][-]{subsection.6.5}{\376\377\000A\000n\000y\000L\000o\000g\000i\000c}{section.6}% 20
\BOOKMARK [1][-]{section.7}{\376\377\000C\000o\000n\000c\000l\000u\000s\000i\000o\000n\000e\000s}{}% 21
